[0.012s] Invoking command in '/root/HRD_ws/hrd_project/hrd_ros2/src/hrd_moveit_config/build/hrd_moveit_config': CMAKE_PREFIX_PATH=/opt/ros/humble /usr/bin/cmake --build /root/HRD_ws/hrd_project/hrd_ros2/src/hrd_moveit_config/build/hrd_moveit_config -- -j16 -l16
[0.179s] [ 50%] [32mBuilding CXX object CMakeFiles/demo_dual_arm_reach_cpp.dir/src/demo_dual_arm_reach.cpp.o[0m
[5.251s] [100%] [32m[1mLinking CXX executable demo_dual_arm_reach_cpp[0m
[5.585s] [100%] Built target demo_dual_arm_reach_cpp
[5.594s] Invoked command in '/root/HRD_ws/hrd_project/hrd_ros2/src/hrd_moveit_config/build/hrd_moveit_config' returned '0': CMAKE_PREFIX_PATH=/opt/ros/humble /usr/bin/cmake --build /root/HRD_ws/hrd_project/hrd_ros2/src/hrd_moveit_config/build/hrd_moveit_config -- -j16 -l16
[5.602s] Invoking command in '/root/HRD_ws/hrd_project/hrd_ros2/src/hrd_moveit_config/build/hrd_moveit_config': CMAKE_PREFIX_PATH=/opt/ros/humble /usr/bin/cmake --install /root/HRD_ws/hrd_project/hrd_ros2/src/hrd_moveit_config/build/hrd_moveit_config
[5.608s] -- Install configuration: ""
[5.609s] -- Installing: /root/HRD_ws/hrd_project/hrd_ros2/src/hrd_moveit_config/install/hrd_moveit_config/lib/hrd_moveit_config/demo_dual_arm_reach_cpp
[5.609s] -- Set runtime path of "/root/HRD_ws/hrd_project/hrd_ros2/src/hrd_moveit_config/install/hrd_moveit_config/lib/hrd_moveit_config/demo_dual_arm_reach_cpp" to ""
[5.610s] -- Up-to-date: /root/HRD_ws/hrd_project/hrd_ros2/src/hrd_moveit_config/install/hrd_moveit_config/lib/hrd_moveit_config/demo_dual_arm_planning.py
[5.610s] -- Up-to-date: /root/HRD_ws/hrd_project/hrd_ros2/src/hrd_moveit_config/install/hrd_moveit_config/lib/hrd_moveit_config/demo_dual_arm_reach.py
[5.610s] -- Installing: /root/HRD_ws/hrd_project/hrd_ros2/src/hrd_moveit_config/install/hrd_moveit_config/lib/hrd_moveit_config/spawn_target_object.py
[5.610s] -- Up-to-date: /root/HRD_ws/hrd_project/hrd_ros2/src/hrd_moveit_config/install/hrd_moveit_config/lib/hrd_moveit_config/print_tcp_pose.py
[5.610s] -- Up-to-date: /root/HRD_ws/hrd_project/hrd_ros2/src/hrd_moveit_config/install/hrd_moveit_config/share/hrd_moveit_config/launch
[5.610s] -- Up-to-date: /root/HRD_ws/hrd_project/hrd_ros2/src/hrd_moveit_config/install/hrd_moveit_config/share/hrd_moveit_config/launch/__pycache__
[5.610s] -- Installing: /root/HRD_ws/hrd_project/hrd_ros2/src/hrd_moveit_config/install/hrd_moveit_config/share/hrd_moveit_config/launch/__pycache__/gazebo_moveit.launch.cpython-310.pyc
[5.610s] -- Up-to-date: /root/HRD_ws/hrd_project/hrd_ros2/src/hrd_moveit_config/install/hrd_moveit_config/share/hrd_moveit_config/launch/move_group.launch.py
[5.610s] -- Installing: /root/HRD_ws/hrd_project/hrd_ros2/src/hrd_moveit_config/install/hrd_moveit_config/share/hrd_moveit_config/launch/gazebo_moveit.launch.py
[5.610s] -- Up-to-date: /root/HRD_ws/hrd_project/hrd_ros2/src/hrd_moveit_config/install/hrd_moveit_config/share/hrd_moveit_config/launch/rsp.launch.py
[5.610s] -- Up-to-date: /root/HRD_ws/hrd_project/hrd_ros2/src/hrd_moveit_config/install/hrd_moveit_config/share/hrd_moveit_config/launch/moveit_rviz.launch.py
[5.611s] -- Up-to-date: /root/HRD_ws/hrd_project/hrd_ros2/src/hrd_moveit_config/install/hrd_moveit_config/share/hrd_moveit_config/launch/demo.launch.py
[5.611s] -- Up-to-date: /root/HRD_ws/hrd_project/hrd_ros2/src/hrd_moveit_config/install/hrd_moveit_config/share/hrd_moveit_config/launch/run_cpp_demo.launch.py
[5.611s] -- Up-to-date: /root/HRD_ws/hrd_project/hrd_ros2/src/hrd_moveit_config/install/hrd_moveit_config/share/hrd_moveit_config/launch/spawn_controllers.launch.py
[5.611s] -- Up-to-date: /root/HRD_ws/hrd_project/hrd_ros2/src/hrd_moveit_config/install/hrd_moveit_config/share/hrd_moveit_config/launch/warehouse_db.launch.py
[5.611s] -- Up-to-date: /root/HRD_ws/hrd_project/hrd_ros2/src/hrd_moveit_config/install/hrd_moveit_config/share/hrd_moveit_config/launch/static_virtual_joint_tfs.launch.py
[5.611s] -- Up-to-date: /root/HRD_ws/hrd_project/hrd_ros2/src/hrd_moveit_config/install/hrd_moveit_config/share/hrd_moveit_config/launch/setup_assistant.launch.py
[5.611s] -- Up-to-date: /root/HRD_ws/hrd_project/hrd_ros2/src/hrd_moveit_config/install/hrd_moveit_config/share/hrd_moveit_config/config
[5.611s] -- Up-to-date: /root/HRD_ws/hrd_project/hrd_ros2/src/hrd_moveit_config/install/hrd_moveit_config/share/hrd_moveit_config/config/moveit.rviz
[5.611s] -- Up-to-date: /root/HRD_ws/hrd_project/hrd_ros2/src/hrd_moveit_config/install/hrd_moveit_config/share/hrd_moveit_config/config/HRD .urdf.xacro
[5.611s] -- Up-to-date: /root/HRD_ws/hrd_project/hrd_ros2/src/hrd_moveit_config/install/hrd_moveit_config/share/hrd_moveit_config/config/kinematics.yaml
[5.611s] -- Installing: /root/HRD_ws/hrd_project/hrd_ros2/src/hrd_moveit_config/install/hrd_moveit_config/share/hrd_moveit_config/config/HRD .srdf
[5.611s] -- Up-to-date: /root/HRD_ws/hrd_project/hrd_ros2/src/hrd_moveit_config/install/hrd_moveit_config/share/hrd_moveit_config/config/ros2_controllers.yaml
[5.611s] -- Up-to-date: /root/HRD_ws/hrd_project/hrd_ros2/src/hrd_moveit_config/install/hrd_moveit_config/share/hrd_moveit_config/config/HRD .ros2_control.xacro
[5.612s] -- Up-to-date: /root/HRD_ws/hrd_project/hrd_ros2/src/hrd_moveit_config/install/hrd_moveit_config/share/hrd_moveit_config/config/pilz_cartesian_limits.yaml
[5.612s] -- Up-to-date: /root/HRD_ws/hrd_project/hrd_ros2/src/hrd_moveit_config/install/hrd_moveit_config/share/hrd_moveit_config/config/moveit_controllers.yaml
[5.612s] -- Up-to-date: /root/HRD_ws/hrd_project/hrd_ros2/src/hrd_moveit_config/install/hrd_moveit_config/share/hrd_moveit_config/config/joint_limits.yaml
[5.612s] -- Up-to-date: /root/HRD_ws/hrd_project/hrd_ros2/src/hrd_moveit_config/install/hrd_moveit_config/share/hrd_moveit_config/config/initial_positions.yaml
[5.612s] -- Installing: /root/HRD_ws/hrd_project/hrd_ros2/src/hrd_moveit_config/install/hrd_moveit_config/share/hrd_moveit_config/.setup_assistant
[5.612s] -- Up-to-date: /root/HRD_ws/hrd_project/hrd_ros2/src/hrd_moveit_config/install/hrd_moveit_config/share/ament_index/resource_index/package_run_dependencies/hrd_moveit_config
[5.612s] -- Up-to-date: /root/HRD_ws/hrd_project/hrd_ros2/src/hrd_moveit_config/install/hrd_moveit_config/share/ament_index/resource_index/parent_prefix_path/hrd_moveit_config
[5.612s] -- Up-to-date: /root/HRD_ws/hrd_project/hrd_ros2/src/hrd_moveit_config/install/hrd_moveit_config/share/hrd_moveit_config/environment/ament_prefix_path.sh
[5.612s] -- Up-to-date: /root/HRD_ws/hrd_project/hrd_ros2/src/hrd_moveit_config/install/hrd_moveit_config/share/hrd_moveit_config/environment/ament_prefix_path.dsv
[5.612s] -- Up-to-date: /root/HRD_ws/hrd_project/hrd_ros2/src/hrd_moveit_config/install/hrd_moveit_config/share/hrd_moveit_config/environment/path.sh
[5.612s] -- Up-to-date: /root/HRD_ws/hrd_project/hrd_ros2/src/hrd_moveit_config/install/hrd_moveit_config/share/hrd_moveit_config/environment/path.dsv
[5.612s] -- Up-to-date: /root/HRD_ws/hrd_project/hrd_ros2/src/hrd_moveit_config/install/hrd_moveit_config/share/hrd_moveit_config/local_setup.bash
[5.612s] -- Up-to-date: /root/HRD_ws/hrd_project/hrd_ros2/src/hrd_moveit_config/install/hrd_moveit_config/share/hrd_moveit_config/local_setup.sh
[5.612s] -- Up-to-date: /root/HRD_ws/hrd_project/hrd_ros2/src/hrd_moveit_config/install/hrd_moveit_config/share/hrd_moveit_config/local_setup.zsh
[5.613s] -- Up-to-date: /root/HRD_ws/hrd_project/hrd_ros2/src/hrd_moveit_config/install/hrd_moveit_config/share/hrd_moveit_config/local_setup.dsv
[5.613s] -- Installing: /root/HRD_ws/hrd_project/hrd_ros2/src/hrd_moveit_config/install/hrd_moveit_config/share/hrd_moveit_config/package.dsv
[5.613s] -- Up-to-date: /root/HRD_ws/hrd_project/hrd_ros2/src/hrd_moveit_config/install/hrd_moveit_config/share/ament_index/resource_index/packages/hrd_moveit_config
[5.613s] -- Up-to-date: /root/HRD_ws/hrd_project/hrd_ros2/src/hrd_moveit_config/install/hrd_moveit_config/share/hrd_moveit_config/cmake/hrd_moveit_configConfig.cmake
[5.613s] -- Up-to-date: /root/HRD_ws/hrd_project/hrd_ros2/src/hrd_moveit_config/install/hrd_moveit_config/share/hrd_moveit_config/cmake/hrd_moveit_configConfig-version.cmake
[5.614s] -- Up-to-date: /root/HRD_ws/hrd_project/hrd_ros2/src/hrd_moveit_config/install/hrd_moveit_config/share/hrd_moveit_config/package.xml
[5.614s] Invoked command in '/root/HRD_ws/hrd_project/hrd_ros2/src/hrd_moveit_config/build/hrd_moveit_config' returned '0': CMAKE_PREFIX_PATH=/opt/ros/humble /usr/bin/cmake --install /root/HRD_ws/hrd_project/hrd_ros2/src/hrd_moveit_config/build/hrd_moveit_config
