-- The C compiler identification is GNU 11.4.0
-- The CXX compiler identification is GNU 11.4.0
-- Detecting C compiler ABI info
-- Detecting C compiler ABI info - done
-- Check for working C compiler: /usr/bin/cc - skipped
-- Detecting C compile features
-- Detecting C compile features - done
-- Detecting CXX compiler ABI info
-- Detecting CXX compiler ABI info - done
-- Check for working CXX compiler: /usr/bin/c++ - skipped
-- Detecting CXX compile features
-- Detecting CXX compile features - done
-- Found ament_cmake: 1.3.14 (/opt/ros/humble/share/ament_cmake/cmake)
-- Found Python3: /usr/bin/python3 (found version "3.10.12") found components: Interpreter 
-- Found rclcpp: 16.0.19 (/opt/ros/humble/share/rclcpp/cmake)
-- Found rosidl_generator_c: 3.1.8 (/opt/ros/humble/share/rosidl_generator_c/cmake)
-- Found rosidl_adapter: 3.1.8 (/opt/ros/humble/share/rosidl_adapter/cmake)
-- Found rosidl_generator_cpp: 3.1.8 (/opt/ros/humble/share/rosidl_generator_cpp/cmake)
-- Using all available rosidl_typesupport_c: rosidl_typesupport_fastrtps_c;rosidl_typesupport_introspection_c
-- Using all available rosidl_typesupport_cpp: rosidl_typesupport_fastrtps_cpp;rosidl_typesupport_introspection_cpp
-- Found rmw_implementation_cmake: 6.1.2 (/opt/ros/humble/share/rmw_implementation_cmake/cmake)
-- Found rmw_fastrtps_cpp: 6.2.10 (/opt/ros/humble/share/rmw_fastrtps_cpp/cmake)
-- Found OpenSSL: /usr/lib/x86_64-linux-gnu/libcrypto.so (found version "3.0.2")  
-- Found FastRTPS: /opt/ros/humble/include  
-- Using RMW implementation 'rmw_fastrtps_cpp' as default
-- Looking for pthread.h
-- Looking for pthread.h - found
-- Performing Test CMAKE_HAVE_LIBC_PTHREAD
-- Performing Test CMAKE_HAVE_LIBC_PTHREAD - Success
-- Found Threads: TRUE  
-- Found rclcpp_action: 16.0.19 (/opt/ros/humble/share/rclcpp_action/cmake)
-- Found moveit_msgs: 2.2.1 (/opt/ros/humble/share/moveit_msgs/cmake)
-- Found tf2: 0.25.20 (/opt/ros/humble/share/tf2/cmake)
-- Found tf2_geometry_msgs: 0.25.20 (/opt/ros/humble/share/tf2_geometry_msgs/cmake)
-- Found eigen3_cmake_module: 0.1.1 (/opt/ros/humble/share/eigen3_cmake_module/cmake)
-- Found Eigen3: TRUE (found version "3.4.0") 
-- Ensuring Eigen3 include directory is part of orocos-kdl CMake target
-- Found moveit_ros_planning_interface: 2.5.9 (/opt/ros/humble/share/moveit_ros_planning_interface/cmake)
-- Found Boost: /usr/lib/x86_64-linux-gnu/cmake/Boost-1.74.0/BoostConfig.cmake (found version "1.74.0") found components: date_time filesystem program_options system thread 
-- Found Boost: /usr/lib/x86_64-linux-gnu/cmake/Boost-1.74.0/BoostConfig.cmake (found version "1.74.0") found components: chrono date_time filesystem iostreams program_options regex serialization system thread 
-- Found parameter_traits: 0.7.1 (/opt/ros/humble/share/parameter_traits/cmake)
-- Found rclcpp_lifecycle: 16.0.19 (/opt/ros/humble/share/rclcpp_lifecycle/cmake)
-- Found Boost: /usr/lib/x86_64-linux-gnu/cmake/Boost-1.74.0/BoostConfig.cmake (found version "1.74.0") found components: filesystem 
-- library: /usr/lib/x86_64-linux-gnu/libcurl.so
-- Found Boost: /usr/lib/x86_64-linux-gnu/cmake/Boost-1.74.0/BoostConfig.cmake (found version "1.74.0") found components: system filesystem date_time program_options thread chrono 
-- Found Boost: /usr/lib/x86_64-linux-gnu/cmake/Boost-1.74.0/BoostConfig.cmake (found version "1.74.0") found components: thread system filesystem regex date_time program_options 
-- Found Boost: /usr/lib/x86_64-linux-gnu/cmake/Boost-1.74.0/BoostConfig.cmake (found version "1.74.0") found components: system filesystem date_time program_options thread 
-- Configuring done
-- Generating done
-- Build files have been written to: /root/HRD_ws/hrd_project/hrd_ros2/src/hrd_moveit_config/build/hrd_moveit_config
[ 50%] [32mBuilding CXX object CMakeFiles/demo_dual_arm_reach_cpp.dir/src/demo_dual_arm_reach.cpp.o[0m
[100%] [32m[1mLinking CXX executable demo_dual_arm_reach_cpp[0m
[100%] Built target demo_dual_arm_reach_cpp
-- Install configuration: ""
-- Installing: /root/HRD_ws/hrd_project/hrd_ros2/src/hrd_moveit_config/install/hrd_moveit_config/lib/hrd_moveit_config/demo_dual_arm_reach_cpp
-- Set runtime path of "/root/HRD_ws/hrd_project/hrd_ros2/src/hrd_moveit_config/install/hrd_moveit_config/lib/hrd_moveit_config/demo_dual_arm_reach_cpp" to ""
-- Installing: /root/HRD_ws/hrd_project/hrd_ros2/src/hrd_moveit_config/install/hrd_moveit_config/lib/hrd_moveit_config/demo_dual_arm_planning.py
-- Installing: /root/HRD_ws/hrd_project/hrd_ros2/src/hrd_moveit_config/install/hrd_moveit_config/lib/hrd_moveit_config/demo_dual_arm_reach.py
-- Installing: /root/HRD_ws/hrd_project/hrd_ros2/src/hrd_moveit_config/install/hrd_moveit_config/lib/hrd_moveit_config/spawn_target_object.py
-- Installing: /root/HRD_ws/hrd_project/hrd_ros2/src/hrd_moveit_config/install/hrd_moveit_config/lib/hrd_moveit_config/print_tcp_pose.py
-- Installing: /root/HRD_ws/hrd_project/hrd_ros2/src/hrd_moveit_config/install/hrd_moveit_config/share/hrd_moveit_config/launch
-- Installing: /root/HRD_ws/hrd_project/hrd_ros2/src/hrd_moveit_config/install/hrd_moveit_config/share/hrd_moveit_config/launch/__pycache__
-- Installing: /root/HRD_ws/hrd_project/hrd_ros2/src/hrd_moveit_config/install/hrd_moveit_config/share/hrd_moveit_config/launch/__pycache__/gazebo_moveit.launch.cpython-310.pyc
-- Installing: /root/HRD_ws/hrd_project/hrd_ros2/src/hrd_moveit_config/install/hrd_moveit_config/share/hrd_moveit_config/launch/move_group.launch.py
-- Installing: /root/HRD_ws/hrd_project/hrd_ros2/src/hrd_moveit_config/install/hrd_moveit_config/share/hrd_moveit_config/launch/gazebo_moveit.launch.py
-- Installing: /root/HRD_ws/hrd_project/hrd_ros2/src/hrd_moveit_config/install/hrd_moveit_config/share/hrd_moveit_config/launch/rsp.launch.py
-- Installing: /root/HRD_ws/hrd_project/hrd_ros2/src/hrd_moveit_config/install/hrd_moveit_config/share/hrd_moveit_config/launch/moveit_rviz.launch.py
-- Installing: /root/HRD_ws/hrd_project/hrd_ros2/src/hrd_moveit_config/install/hrd_moveit_config/share/hrd_moveit_config/launch/demo.launch.py
-- Installing: /root/HRD_ws/hrd_project/hrd_ros2/src/hrd_moveit_config/install/hrd_moveit_config/share/hrd_moveit_config/launch/run_cpp_demo.launch.py
-- Installing: /root/HRD_ws/hrd_project/hrd_ros2/src/hrd_moveit_config/install/hrd_moveit_config/share/hrd_moveit_config/launch/spawn_controllers.launch.py
-- Installing: /root/HRD_ws/hrd_project/hrd_ros2/src/hrd_moveit_config/install/hrd_moveit_config/share/hrd_moveit_config/launch/warehouse_db.launch.py
-- Installing: /root/HRD_ws/hrd_project/hrd_ros2/src/hrd_moveit_config/install/hrd_moveit_config/share/hrd_moveit_config/launch/static_virtual_joint_tfs.launch.py
-- Installing: /root/HRD_ws/hrd_project/hrd_ros2/src/hrd_moveit_config/install/hrd_moveit_config/share/hrd_moveit_config/launch/setup_assistant.launch.py
-- Installing: /root/HRD_ws/hrd_project/hrd_ros2/src/hrd_moveit_config/install/hrd_moveit_config/share/hrd_moveit_config/config
-- Installing: /root/HRD_ws/hrd_project/hrd_ros2/src/hrd_moveit_config/install/hrd_moveit_config/share/hrd_moveit_config/config/moveit.rviz
-- Installing: /root/HRD_ws/hrd_project/hrd_ros2/src/hrd_moveit_config/install/hrd_moveit_config/share/hrd_moveit_config/config/HRD .urdf.xacro
-- Installing: /root/HRD_ws/hrd_project/hrd_ros2/src/hrd_moveit_config/install/hrd_moveit_config/share/hrd_moveit_config/config/kinematics.yaml
-- Installing: /root/HRD_ws/hrd_project/hrd_ros2/src/hrd_moveit_config/install/hrd_moveit_config/share/hrd_moveit_config/config/HRD .srdf
-- Installing: /root/HRD_ws/hrd_project/hrd_ros2/src/hrd_moveit_config/install/hrd_moveit_config/share/hrd_moveit_config/config/ros2_controllers.yaml
-- Installing: /root/HRD_ws/hrd_project/hrd_ros2/src/hrd_moveit_config/install/hrd_moveit_config/share/hrd_moveit_config/config/HRD .ros2_control.xacro
-- Installing: /root/HRD_ws/hrd_project/hrd_ros2/src/hrd_moveit_config/install/hrd_moveit_config/share/hrd_moveit_config/config/pilz_cartesian_limits.yaml
-- Installing: /root/HRD_ws/hrd_project/hrd_ros2/src/hrd_moveit_config/install/hrd_moveit_config/share/hrd_moveit_config/config/moveit_controllers.yaml
-- Installing: /root/HRD_ws/hrd_project/hrd_ros2/src/hrd_moveit_config/install/hrd_moveit_config/share/hrd_moveit_config/config/joint_limits.yaml
-- Installing: /root/HRD_ws/hrd_project/hrd_ros2/src/hrd_moveit_config/install/hrd_moveit_config/share/hrd_moveit_config/config/initial_positions.yaml
-- Installing: /root/HRD_ws/hrd_project/hrd_ros2/src/hrd_moveit_config/install/hrd_moveit_config/share/hrd_moveit_config/.setup_assistant
-- Installing: /root/HRD_ws/hrd_project/hrd_ros2/src/hrd_moveit_config/install/hrd_moveit_config/share/ament_index/resource_index/package_run_dependencies/hrd_moveit_config
-- Installing: /root/HRD_ws/hrd_project/hrd_ros2/src/hrd_moveit_config/install/hrd_moveit_config/share/ament_index/resource_index/parent_prefix_path/hrd_moveit_config
-- Installing: /root/HRD_ws/hrd_project/hrd_ros2/src/hrd_moveit_config/install/hrd_moveit_config/share/hrd_moveit_config/environment/ament_prefix_path.sh
-- Installing: /root/HRD_ws/hrd_project/hrd_ros2/src/hrd_moveit_config/install/hrd_moveit_config/share/hrd_moveit_config/environment/ament_prefix_path.dsv
-- Installing: /root/HRD_ws/hrd_project/hrd_ros2/src/hrd_moveit_config/install/hrd_moveit_config/share/hrd_moveit_config/environment/path.sh
-- Installing: /root/HRD_ws/hrd_project/hrd_ros2/src/hrd_moveit_config/install/hrd_moveit_config/share/hrd_moveit_config/environment/path.dsv
-- Installing: /root/HRD_ws/hrd_project/hrd_ros2/src/hrd_moveit_config/install/hrd_moveit_config/share/hrd_moveit_config/local_setup.bash
-- Installing: /root/HRD_ws/hrd_project/hrd_ros2/src/hrd_moveit_config/install/hrd_moveit_config/share/hrd_moveit_config/local_setup.sh
-- Installing: /root/HRD_ws/hrd_project/hrd_ros2/src/hrd_moveit_config/install/hrd_moveit_config/share/hrd_moveit_config/local_setup.zsh
-- Installing: /root/HRD_ws/hrd_project/hrd_ros2/src/hrd_moveit_config/install/hrd_moveit_config/share/hrd_moveit_config/local_setup.dsv
-- Installing: /root/HRD_ws/hrd_project/hrd_ros2/src/hrd_moveit_config/install/hrd_moveit_config/share/hrd_moveit_config/package.dsv
-- Installing: /root/HRD_ws/hrd_project/hrd_ros2/src/hrd_moveit_config/install/hrd_moveit_config/share/ament_index/resource_index/packages/hrd_moveit_config
-- Installing: /root/HRD_ws/hrd_project/hrd_ros2/src/hrd_moveit_config/install/hrd_moveit_config/share/hrd_moveit_config/cmake/hrd_moveit_configConfig.cmake
-- Installing: /root/HRD_ws/hrd_project/hrd_ros2/src/hrd_moveit_config/install/hrd_moveit_config/share/hrd_moveit_config/cmake/hrd_moveit_configConfig-version.cmake
-- Installing: /root/HRD_ws/hrd_project/hrd_ros2/src/hrd_moveit_config/install/hrd_moveit_config/share/hrd_moveit_config/package.xml
