[0.199s] DEBUG:colcon:Command line arguments: ['/usr/bin/colcon', 'build']
[0.199s] DEBUG:colcon:Parsed command line arguments: Namespace(log_base=None, log_level=None, verb_name='build', build_base='build', install_base='install', merge_install=False, symlink_install=False, test_result_base=None, continue_on_error=False, executor='parallel', parallel_workers=16, event_handlers=None, ignore_user_meta=False, metas=['./colcon.meta'], base_paths=['.'], packages_ignore=None, packages_ignore_regex=None, paths=None, packages_up_to=None, packages_up_to_regex=None, packages_above=None, packages_above_and_dependencies=None, packages_above_depth=None, packages_select_by_dep=None, packages_skip_by_dep=None, packages_skip_up_to=None, packages_select_build_failed=False, packages_skip_build_finished=False, packages_select_test_failures=False, packages_skip_test_passed=False, packages_select=None, packages_skip=None, packages_select_regex=None, packages_skip_regex=None, packages_start=None, packages_end=None, cmake_args=None, cmake_target=None, cmake_target_skip_unavailable=False, cmake_clean_cache=False, cmake_clean_first=False, cmake_force_configure=False, ament_cmake_args=None, catkin_cmake_args=None, catkin_skip_building_tests=False, mixin_files=None, mixin=None, verb_parser=<colcon_mixin.mixin.mixin_argument.MixinArgumentDecorator object at 0x7fca13d8fc40>, verb_extension=<colcon_core.verb.build.BuildVerb object at 0x7fca13d8f5e0>, main=<bound method BuildVerb.main of <colcon_core.verb.build.BuildVerb object at 0x7fca13d8f5e0>>, mixin_verb=('build',))
[0.327s] Level 1:colcon.colcon_core.package_discovery:discover_packages(colcon_meta) check parameters
[0.327s] INFO:colcon.colcon_metadata.package_discovery.colcon_meta:Using configuration from '/root/.colcon/metadata/default/Gazebo.meta'
[0.328s] INFO:colcon.colcon_metadata.package_discovery.colcon_meta:Using configuration from '/root/.colcon/metadata/default/fastdds.meta'
[0.328s] INFO:colcon.colcon_metadata.package_discovery.colcon_meta:Using configuration from '/root/.colcon/metadata/default/fastrtps.meta'
[0.328s] Level 1:colcon.colcon_core.package_discovery:discover_packages(recursive) check parameters
[0.328s] Level 1:colcon.colcon_core.package_discovery:discover_packages(ignore) check parameters
[0.328s] Level 1:colcon.colcon_core.package_discovery:discover_packages(path) check parameters
[0.328s] Level 1:colcon.colcon_core.package_discovery:discover_packages(colcon_meta) discover
[0.328s] Level 1:colcon.colcon_core.package_discovery:discover_packages(recursive) discover
[0.328s] INFO:colcon.colcon_core.package_discovery:Crawling recursively for packages in '/root/HRD_ws/hrd_project/hrd_ros2/src/hrd_moveit_config'
[0.328s] Level 1:colcon.colcon_core.package_identification:_identify(.) by extensions ['ignore', 'ignore_ament_install']
[0.328s] Level 1:colcon.colcon_core.package_identification:_identify(.) by extension 'ignore'
[0.328s] Level 1:colcon.colcon_core.package_identification:_identify(.) by extension 'ignore_ament_install'
[0.328s] Level 1:colcon.colcon_core.package_identification:_identify(.) by extensions ['colcon_pkg']
[0.329s] Level 1:colcon.colcon_core.package_identification:_identify(.) by extension 'colcon_pkg'
[0.329s] Level 1:colcon.colcon_core.package_identification:_identify(.) by extensions ['colcon_meta']
[0.329s] Level 1:colcon.colcon_core.package_identification:_identify(.) by extension 'colcon_meta'
[0.329s] Level 1:colcon.colcon_core.package_identification:_identify(.) by extensions ['ros']
[0.329s] Level 1:colcon.colcon_core.package_identification:_identify(.) by extension 'ros'
[0.342s] DEBUG:colcon.colcon_core.package_identification:Package '.' with type 'ros.ament_cmake' and name 'hrd_moveit_config'
[0.342s] Level 1:colcon.colcon_core.package_discovery:discover_packages(recursive) using defaults
[0.342s] Level 1:colcon.colcon_core.package_discovery:discover_packages(ignore) discover
[0.342s] Level 1:colcon.colcon_core.package_discovery:discover_packages(ignore) using defaults
[0.342s] Level 1:colcon.colcon_core.package_discovery:discover_packages(path) discover
[0.342s] Level 1:colcon.colcon_core.package_discovery:discover_packages(path) using defaults
[0.362s] Level 5:colcon.colcon_core.verb:set package 'hrd_moveit_config' build argument 'cmake_args' from command line to 'None'
[0.362s] Level 5:colcon.colcon_core.verb:set package 'hrd_moveit_config' build argument 'cmake_target' from command line to 'None'
[0.362s] Level 5:colcon.colcon_core.verb:set package 'hrd_moveit_config' build argument 'cmake_target_skip_unavailable' from command line to 'False'
[0.362s] Level 5:colcon.colcon_core.verb:set package 'hrd_moveit_config' build argument 'cmake_clean_cache' from command line to 'False'
[0.362s] Level 5:colcon.colcon_core.verb:set package 'hrd_moveit_config' build argument 'cmake_clean_first' from command line to 'False'
[0.362s] Level 5:colcon.colcon_core.verb:set package 'hrd_moveit_config' build argument 'cmake_force_configure' from command line to 'False'
[0.362s] Level 5:colcon.colcon_core.verb:set package 'hrd_moveit_config' build argument 'ament_cmake_args' from command line to 'None'
[0.362s] Level 5:colcon.colcon_core.verb:set package 'hrd_moveit_config' build argument 'catkin_cmake_args' from command line to 'None'
[0.362s] Level 5:colcon.colcon_core.verb:set package 'hrd_moveit_config' build argument 'catkin_skip_building_tests' from command line to 'False'
[0.362s] DEBUG:colcon.colcon_core.verb:Building package 'hrd_moveit_config' with the following arguments: {'ament_cmake_args': None, 'build_base': '/root/HRD_ws/hrd_project/hrd_ros2/src/hrd_moveit_config/build/hrd_moveit_config', 'catkin_cmake_args': None, 'catkin_skip_building_tests': False, 'cmake_args': None, 'cmake_clean_cache': False, 'cmake_clean_first': False, 'cmake_force_configure': False, 'cmake_target': None, 'cmake_target_skip_unavailable': False, 'install_base': '/root/HRD_ws/hrd_project/hrd_ros2/src/hrd_moveit_config/install/hrd_moveit_config', 'merge_install': False, 'path': '/root/HRD_ws/hrd_project/hrd_ros2/src/hrd_moveit_config', 'symlink_install': False, 'test_result_base': None}
[0.362s] INFO:colcon.colcon_core.executor:Executing jobs using 'parallel' executor
[0.363s] DEBUG:colcon.colcon_parallel_executor.executor.parallel:run_until_complete
[0.363s] INFO:colcon.colcon_ros.task.ament_cmake.build:Building ROS package in '/root/HRD_ws/hrd_project/hrd_ros2/src/hrd_moveit_config' with build type 'ament_cmake'
[0.363s] INFO:colcon.colcon_cmake.task.cmake.build:Building CMake package in '/root/HRD_ws/hrd_project/hrd_ros2/src/hrd_moveit_config'
[0.367s] INFO:colcon.colcon_core.plugin_system:Skipping extension 'colcon_core.shell.bat': Not used on non-Windows systems
[0.367s] INFO:colcon.colcon_core.shell:Skip shell extension 'powershell' for command environment: Not usable outside of PowerShell
[0.367s] DEBUG:colcon.colcon_core.shell:Skip shell extension 'dsv' for command environment
[0.375s] DEBUG:colcon.colcon_core.event_handler.log_command:Invoking command in '/root/HRD_ws/hrd_project/hrd_ros2/src/hrd_moveit_config/build/hrd_moveit_config': CMAKE_PREFIX_PATH=/opt/ros/humble /usr/bin/cmake --build /root/HRD_ws/hrd_project/hrd_ros2/src/hrd_moveit_config/build/hrd_moveit_config -- -j16 -l16
[5.957s] DEBUG:colcon.colcon_core.event_handler.log_command:Invoked command in '/root/HRD_ws/hrd_project/hrd_ros2/src/hrd_moveit_config/build/hrd_moveit_config' returned '0': CMAKE_PREFIX_PATH=/opt/ros/humble /usr/bin/cmake --build /root/HRD_ws/hrd_project/hrd_ros2/src/hrd_moveit_config/build/hrd_moveit_config -- -j16 -l16
[5.965s] DEBUG:colcon.colcon_core.event_handler.log_command:Invoking command in '/root/HRD_ws/hrd_project/hrd_ros2/src/hrd_moveit_config/build/hrd_moveit_config': CMAKE_PREFIX_PATH=/opt/ros/humble /usr/bin/cmake --install /root/HRD_ws/hrd_project/hrd_ros2/src/hrd_moveit_config/build/hrd_moveit_config
[5.976s] Level 1:colcon.colcon_core.environment:create_environment_scripts_only(hrd_moveit_config)
[5.977s] DEBUG:colcon.colcon_core.event_handler.log_command:Invoked command in '/root/HRD_ws/hrd_project/hrd_ros2/src/hrd_moveit_config/build/hrd_moveit_config' returned '0': CMAKE_PREFIX_PATH=/opt/ros/humble /usr/bin/cmake --install /root/HRD_ws/hrd_project/hrd_ros2/src/hrd_moveit_config/build/hrd_moveit_config
[5.983s] Level 1:colcon.colcon_core.environment:checking '/root/HRD_ws/hrd_project/hrd_ros2/src/hrd_moveit_config/install/hrd_moveit_config' for CMake module files
[5.984s] Level 1:colcon.colcon_core.environment:checking '/root/HRD_ws/hrd_project/hrd_ros2/src/hrd_moveit_config/install/hrd_moveit_config' for CMake config files
[5.984s] Level 1:colcon.colcon_core.shell:create_environment_hook('hrd_moveit_config', 'cmake_prefix_path')
[5.984s] INFO:colcon.colcon_core.shell:Creating environment hook '/root/HRD_ws/hrd_project/hrd_ros2/src/hrd_moveit_config/install/hrd_moveit_config/share/hrd_moveit_config/hook/cmake_prefix_path.ps1'
[5.986s] INFO:colcon.colcon_core.shell:Creating environment descriptor '/root/HRD_ws/hrd_project/hrd_ros2/src/hrd_moveit_config/install/hrd_moveit_config/share/hrd_moveit_config/hook/cmake_prefix_path.dsv'
[5.986s] INFO:colcon.colcon_core.shell:Creating environment hook '/root/HRD_ws/hrd_project/hrd_ros2/src/hrd_moveit_config/install/hrd_moveit_config/share/hrd_moveit_config/hook/cmake_prefix_path.sh'
[5.987s] Level 1:colcon.colcon_core.environment:checking '/root/HRD_ws/hrd_project/hrd_ros2/src/hrd_moveit_config/install/hrd_moveit_config/lib'
[5.987s] Level 1:colcon.colcon_core.environment:checking '/root/HRD_ws/hrd_project/hrd_ros2/src/hrd_moveit_config/install/hrd_moveit_config/bin'
[5.987s] Level 1:colcon.colcon_core.environment:checking '/root/HRD_ws/hrd_project/hrd_ros2/src/hrd_moveit_config/install/hrd_moveit_config/lib/pkgconfig/hrd_moveit_config.pc'
[5.989s] Level 1:colcon.colcon_core.environment:checking '/root/HRD_ws/hrd_project/hrd_ros2/src/hrd_moveit_config/install/hrd_moveit_config/lib/python3.10/site-packages'
[5.989s] Level 1:colcon.colcon_core.environment:checking '/root/HRD_ws/hrd_project/hrd_ros2/src/hrd_moveit_config/install/hrd_moveit_config/bin'
[5.990s] INFO:colcon.colcon_core.shell:Creating package script '/root/HRD_ws/hrd_project/hrd_ros2/src/hrd_moveit_config/install/hrd_moveit_config/share/hrd_moveit_config/package.ps1'
[5.991s] INFO:colcon.colcon_core.shell:Creating package descriptor '/root/HRD_ws/hrd_project/hrd_ros2/src/hrd_moveit_config/install/hrd_moveit_config/share/hrd_moveit_config/package.dsv'
[5.991s] INFO:colcon.colcon_core.shell:Creating package script '/root/HRD_ws/hrd_project/hrd_ros2/src/hrd_moveit_config/install/hrd_moveit_config/share/hrd_moveit_config/package.sh'
[5.991s] INFO:colcon.colcon_core.shell:Creating package script '/root/HRD_ws/hrd_project/hrd_ros2/src/hrd_moveit_config/install/hrd_moveit_config/share/hrd_moveit_config/package.bash'
[5.992s] INFO:colcon.colcon_core.shell:Creating package script '/root/HRD_ws/hrd_project/hrd_ros2/src/hrd_moveit_config/install/hrd_moveit_config/share/hrd_moveit_config/package.zsh'
[5.993s] Level 1:colcon.colcon_core.environment:create_file_with_runtime_dependencies(/root/HRD_ws/hrd_project/hrd_ros2/src/hrd_moveit_config/install/hrd_moveit_config/share/colcon-core/packages/hrd_moveit_config)
[5.993s] Level 1:colcon.colcon_core.environment:create_environment_scripts_only(hrd_moveit_config)
[5.993s] Level 1:colcon.colcon_core.environment:checking '/root/HRD_ws/hrd_project/hrd_ros2/src/hrd_moveit_config/install/hrd_moveit_config' for CMake module files
[5.993s] Level 1:colcon.colcon_core.environment:checking '/root/HRD_ws/hrd_project/hrd_ros2/src/hrd_moveit_config/install/hrd_moveit_config' for CMake config files
[5.994s] Level 1:colcon.colcon_core.shell:create_environment_hook('hrd_moveit_config', 'cmake_prefix_path')
[5.994s] INFO:colcon.colcon_core.shell:Creating environment hook '/root/HRD_ws/hrd_project/hrd_ros2/src/hrd_moveit_config/install/hrd_moveit_config/share/hrd_moveit_config/hook/cmake_prefix_path.ps1'
[5.994s] INFO:colcon.colcon_core.shell:Creating environment descriptor '/root/HRD_ws/hrd_project/hrd_ros2/src/hrd_moveit_config/install/hrd_moveit_config/share/hrd_moveit_config/hook/cmake_prefix_path.dsv'
[5.994s] INFO:colcon.colcon_core.shell:Creating environment hook '/root/HRD_ws/hrd_project/hrd_ros2/src/hrd_moveit_config/install/hrd_moveit_config/share/hrd_moveit_config/hook/cmake_prefix_path.sh'
[5.994s] Level 1:colcon.colcon_core.environment:checking '/root/HRD_ws/hrd_project/hrd_ros2/src/hrd_moveit_config/install/hrd_moveit_config/lib'
[5.994s] Level 1:colcon.colcon_core.environment:checking '/root/HRD_ws/hrd_project/hrd_ros2/src/hrd_moveit_config/install/hrd_moveit_config/bin'
[5.994s] Level 1:colcon.colcon_core.environment:checking '/root/HRD_ws/hrd_project/hrd_ros2/src/hrd_moveit_config/install/hrd_moveit_config/lib/pkgconfig/hrd_moveit_config.pc'
[5.994s] Level 1:colcon.colcon_core.environment:checking '/root/HRD_ws/hrd_project/hrd_ros2/src/hrd_moveit_config/install/hrd_moveit_config/lib/python3.10/site-packages'
[5.995s] Level 1:colcon.colcon_core.environment:checking '/root/HRD_ws/hrd_project/hrd_ros2/src/hrd_moveit_config/install/hrd_moveit_config/bin'
[5.995s] INFO:colcon.colcon_core.shell:Creating package script '/root/HRD_ws/hrd_project/hrd_ros2/src/hrd_moveit_config/install/hrd_moveit_config/share/hrd_moveit_config/package.ps1'
[6.003s] INFO:colcon.colcon_core.shell:Creating package descriptor '/root/HRD_ws/hrd_project/hrd_ros2/src/hrd_moveit_config/install/hrd_moveit_config/share/hrd_moveit_config/package.dsv'
[6.004s] INFO:colcon.colcon_core.shell:Creating package script '/root/HRD_ws/hrd_project/hrd_ros2/src/hrd_moveit_config/install/hrd_moveit_config/share/hrd_moveit_config/package.sh'
[6.004s] INFO:colcon.colcon_core.shell:Creating package script '/root/HRD_ws/hrd_project/hrd_ros2/src/hrd_moveit_config/install/hrd_moveit_config/share/hrd_moveit_config/package.bash'
[6.004s] INFO:colcon.colcon_core.shell:Creating package script '/root/HRD_ws/hrd_project/hrd_ros2/src/hrd_moveit_config/install/hrd_moveit_config/share/hrd_moveit_config/package.zsh'
[6.004s] Level 1:colcon.colcon_core.environment:create_file_with_runtime_dependencies(/root/HRD_ws/hrd_project/hrd_ros2/src/hrd_moveit_config/install/hrd_moveit_config/share/colcon-core/packages/hrd_moveit_config)
[6.005s] DEBUG:colcon.colcon_parallel_executor.executor.parallel:closing loop
[6.005s] DEBUG:colcon.colcon_parallel_executor.executor.parallel:loop closed
[6.005s] DEBUG:colcon.colcon_parallel_executor.executor.parallel:run_until_complete finished with '0'
[6.005s] DEBUG:colcon.colcon_core.event_reactor:joining thread
[6.016s] INFO:colcon.colcon_core.plugin_system:Skipping extension 'colcon_notification.desktop_notification.notify_send': Could not find 'notify-send'
[6.016s] INFO:colcon.colcon_core.plugin_system:Skipping extension 'colcon_notification.desktop_notification.terminal_notifier': Not used on non-Darwin systems
[6.016s] INFO:colcon.colcon_core.plugin_system:Skipping extension 'colcon_notification.desktop_notification.win32': Not used on non-Windows systems
[6.016s] INFO:colcon.colcon_notification.desktop_notification:Sending desktop notification using 'notify2'
[6.021s] DEBUG:colcon.colcon_notification.desktop_notification.notify2:Failed to initialize notify2: org.freedesktop.DBus.Error.Spawn.ExecFailed: /usr/bin/dbus-launch terminated abnormally without any error message
[6.021s] DEBUG:colcon.colcon_core.event_reactor:joined thread
[6.022s] INFO:colcon.colcon_core.shell:Creating prefix script '/root/HRD_ws/hrd_project/hrd_ros2/src/hrd_moveit_config/install/local_setup.ps1'
[6.023s] INFO:colcon.colcon_core.shell:Creating prefix util module '/root/HRD_ws/hrd_project/hrd_ros2/src/hrd_moveit_config/install/_local_setup_util_ps1.py'
[6.024s] INFO:colcon.colcon_core.shell:Creating prefix chain script '/root/HRD_ws/hrd_project/hrd_ros2/src/hrd_moveit_config/install/setup.ps1'
[6.025s] INFO:colcon.colcon_core.shell:Creating prefix script '/root/HRD_ws/hrd_project/hrd_ros2/src/hrd_moveit_config/install/local_setup.sh'
[6.025s] INFO:colcon.colcon_core.shell:Creating prefix util module '/root/HRD_ws/hrd_project/hrd_ros2/src/hrd_moveit_config/install/_local_setup_util_sh.py'
[6.026s] INFO:colcon.colcon_core.shell:Creating prefix chain script '/root/HRD_ws/hrd_project/hrd_ros2/src/hrd_moveit_config/install/setup.sh'
[6.026s] INFO:colcon.colcon_core.shell:Creating prefix script '/root/HRD_ws/hrd_project/hrd_ros2/src/hrd_moveit_config/install/local_setup.bash'
[6.027s] INFO:colcon.colcon_core.shell:Creating prefix chain script '/root/HRD_ws/hrd_project/hrd_ros2/src/hrd_moveit_config/install/setup.bash'
[6.027s] INFO:colcon.colcon_core.shell:Creating prefix script '/root/HRD_ws/hrd_project/hrd_ros2/src/hrd_moveit_config/install/local_setup.zsh'
[6.028s] INFO:colcon.colcon_core.shell:Creating prefix chain script '/root/HRD_ws/hrd_project/hrd_ros2/src/hrd_moveit_config/install/setup.zsh'
